[backblue.gif]
[fade.gif]
[index.html]
[code.jquery.com/ui/1.12.1/themes/base/jquery-ui.css]
[code.jquery.com/jquery-1.12.4.js]
[erp.kkwagh.edu.in/images/LoginPage/bg1.jpg]
[code.jquery.com/ui/1.12.1/jquery-ui.js]
[erp.kkwagh.edu.in/ScriptResource363a.js]
[erp.kkwagh.edu.in/ScriptResourceb548.js]
[erp.kkwagh.edu.in/index.html]
[erp.kkwagh.edu.in/css/bootstrap.min.css]
[erp.kkwagh.edu.in/fonts/fontawesome-webfont3e6e.eot]
[erp.kkwagh.edu.in/fonts/fontawesome-webfontd41d.eot]
[erp.kkwagh.edu.in/fonts/fontawesome-webfont3e6e.ttf]
[erp.kkwagh.edu.in/css/font-awesome.min.css]
[erp.kkwagh.edu.in/css/style03.css]
[erp.kkwagh.edu.in/js/jquery.min.js]
[erp.kkwagh.edu.in/js/bootstrap.min.js]
[code.jquery.com/ui/1.12.1/themes/base/images/ui-icons_444444_256x240.png]
[code.jquery.com/ui/1.12.1/themes/base/images/ui-icons_ffffff_256x240.png]
[code.jquery.com/ui/1.12.1/themes/base/images/ui-icons_777620_256x240.png]
[code.jquery.com/ui/1.12.1/themes/base/images/ui-icons_cc0000_256x240.png]
[code.jquery.com/ui/1.12.1/themes/base/images/ui-icons_777777_256x240.png]
[code.jquery.com/ui/1.12.1/themes/base/jquery-ui.css]
[erp.kkwagh.edu.in/ScriptResourcea13a.axd]
[erp.kkwagh.edu.in/ScriptResourced1cf.axd]
[erp.kkwagh.edu.in/ScriptResource0491.axd]
[erp.kkwagh.edu.in/ScriptResource22d4.axd]
[erp.kkwagh.edu.in/ScriptResource189b.axd]
[erp.kkwagh.edu.in/ScriptResource83f2.axd]
[erp.kkwagh.edu.in/ScriptResource1f7d.axd]
[erp.kkwagh.edu.in/ScriptResourcee6df.axd]
[erp.kkwagh.edu.in/ScriptResource9b73.axd]
[erp.kkwagh.edu.in/ScriptResource2f48.js]
[erp.kkwagh.edu.in/ScriptResource04cf.axd]
[erp.kkwagh.edu.in/ScriptResourcecfb0.axd]
[erp.kkwagh.edu.in/ScriptResourcea256.axd]
[erp.kkwagh.edu.in/ScriptResource35b6.js]
[erp.kkwagh.edu.in/ScriptResource6435.axd]
[erp.kkwagh.edu.in/images/show-calendar.gif]
[erp.kkwagh.edu.in/frmForgetPassword.html]
[erp.kkwagh.edu.in/AdminLogin.html]
[erp.kkwagh.edu.in/WebResource5c4c.js]
[erp.kkwagh.edu.in/ScriptResource363a.js]
[erp.kkwagh.edu.in/ScriptResourceb548.js]
[erp.kkwagh.edu.in/WebResource6461.js]
[erp.kkwagh.edu.in/fonts/fontawesome-webfont3e6e.html]
[erp.kkwagh.edu.in/fonts/fontawesome-webfont3e6e-2.html]
[erp.kkwagh.edu.in/fonts/fontawesome-webfont3e6e.svg]
[erp.kkwagh.edu.in/Popover requires tooltip.html]
[erp.kkwagh.edu.in/images/gravel.png]
[erp.kkwagh.edu.in/StyleSheet.css]
[erp.kkwagh.edu.in/Javascript/JScript.js]
[erp.kkwagh.edu.in/Javascript/CalendarPopup.js]
[erp.kkwagh.edu.in/WebResource5631.gif]
[erp.kkwagh.edu.in/WebResource27b0.gif]
[erp.kkwagh.edu.in/WebResource5649.css]
[erp.kkwagh.edu.in/ScriptResource2f48.js]
[erp.kkwagh.edu.in/ScriptResource35b6.js]
[erp.kkwagh.edu.in/POST.html]
[erp.kkwagh.edu.in/Firefox/index.html]
[erp.kkwagh.edu.in/AppleWebKit/index.html]
[erp.kkwagh.edu.in/Opera/index.html]
[erp.kkwagh.edu.in/MicrosoftAjaxWebForms.html]
[erp.kkwagh.edu.in/MicrosoftAjaxSerialization.html]
[erp.kkwagh.edu.in/MicrosoftAjaxNetwork.html]
[code.jquery.com/ui/1.12.1/themes/base/images/ui-icons_555555_256x240.png]
